[    0.000000] Linux version 4.15.0-212-generic (buildd@lcy02-amd64-083) (gcc version 7.5.0 (Ubuntu 7.5.0-3ubuntu1~18.04)) #223-Ubuntu SMP Tue May 23 13:09:22 UTC 2023 (Ubuntu 4.15.0-212.223-generic 4.15.18)
[    0.000000] Command line: BOOT_IMAGE=/boot/vmlinuz-4.15.0-212-generic root=LABEL=cloudimg-rootfs ro console=tty1 console=ttyS0
[    0.000000] KERNEL supported cpus:
[    0.000000]   Intel GenuineIntel
[    0.000000]   AMD AuthenticAMD
[    0.000000]   Centaur CentaurHauls
[    0.000000] x86/fpu: Supporting XSAVE feature 0x001: 'x87 floating point registers'
[    0.000000] x86/fpu: Supporting XSAVE feature 0x002: 'SSE registers'
[    0.000000] x86/fpu: Supporting XSAVE feature 0x004: 'AVX registers'
[    0.000000] x86/fpu: xstate_offset[2]:  576, xstate_sizes[2]:  256
[    0.000000] x86/fpu: Enabled xstate features 0x7, context size is 832 bytes, using 'standard' format.
[    0.000000] e820: BIOS-provided physical RAM map:
[    0.000000] BIOS-e820: [mem 0x0000000000000000-0x000000000009fbff] usable
[    0.000000] BIOS-e820: [mem 0x000000000009fc00-0x000000000009ffff] reserved
[    0.000000] BIOS-e820: [mem 0x00000000000f0000-0x00000000000fffff] reserved
[    0.000000] BIOS-e820: [mem 0x0000000000100000-0x000000007ffeffff] usable
[    0.000000] BIOS-e820: [mem 0x000000007fff0000-0x000000007fffffff] ACPI data
[    0.000000] BIOS-e820: [mem 0x00000000fec00000-0x00000000fec00fff] reserved
[    0.000000] BIOS-e820: [mem 0x00000000fee00000-0x00000000fee00fff] reserved
[    0.000000] BIOS-e820: [mem 0x00000000fffc0000-0x00000000ffffffff] reserved
[    0.000000] NX (Execute Disable) protection: active
[    0.000000] SMBIOS 2.5 present.
[    0.000000] DMI: innotek GmbH VirtualBox/VirtualBox, BIOS VirtualBox 12/01/2006
[    0.000000] Hypervisor detected: KVM
[    0.000000] e820: last_pfn = 0x7fff0 max_arch_pfn = 0x400000000
[    0.000000] MTRR: Disabled
[    0.000000] x86/PAT: MTRRs disabled, skipping PAT initialization too.
[    0.000000] CPU MTRRs all blank - virtualized system.
[    0.000000] x86/PAT: Configuration [0-7]: WB  WT  UC- UC  WB  WT  UC- UC  
[    0.000000] found SMP MP-table at [mem 0x0009fff0-0x0009ffff]
[    0.000000] Scanning 1 areas for low memory corruption
[    0.000000] RAMDISK: [mem 0x359cb000-0x36cdcfff]
[    0.000000] ACPI: Early table checksum verification disabled
[    0.000000] ACPI: RSDP 0x00000000000E0000 000024 (v02 VBOX  )
[    0.000000] ACPI: XSDT 0x000000007FFF0030 00003C (v01 VBOX   VBOXXSDT 00000001 ASL  00000061)
[    0.000000] ACPI: FACP 0x000000007FFF00F0 0000F4 (v04 VBOX   VBOXFACP 00000001 ASL  00000061)
[    0.000000] ACPI: DSDT 0x000000007FFF0470 002325 (v02 VBOX   VBOXBIOS 00000002 INTL 20200925)
[    0.000000] ACPI: FACS 0x000000007FFF0200 000040
[    0.000000] ACPI: FACS 0x000000007FFF0200 000040
[    0.000000] ACPI: APIC 0x000000007FFF0240 00005C (v02 VBOX   VBOXAPIC 00000001 ASL  00000061)
[    0.000000] ACPI: SSDT 0x000000007FFF02A0 0001CC (v01 VBOX   VBOXCPUT 00000002 INTL 20200925)
[    0.000000] ACPI: Reserving FACP table memory at [mem 0x7fff00f0-0x7fff01e3]
[    0.000000] ACPI: Reserving DSDT table memory at [mem 0x7fff0470-0x7fff2794]
[    0.000000] ACPI: Reserving FACS table memory at [mem 0x7fff0200-0x7fff023f]
[    0.000000] ACPI: Reserving FACS table memory at [mem 0x7fff0200-0x7fff023f]
[    0.000000] ACPI: Reserving APIC table memory at [mem 0x7fff0240-0x7fff029b]
[    0.000000] ACPI: Reserving SSDT table memory at [mem 0x7fff02a0-0x7fff046b]
[    0.000000] No NUMA configuration found
[    0.000000] Faking a node at [mem 0x0000000000000000-0x000000007ffeffff]
[    0.000000] NODE_DATA(0) allocated [mem 0x7ffc5000-0x7ffeffff]
[    0.000000] kvm-clock: cpu 0, msr 0:7ff44001, primary cpu clock
[    0.000000] kvm-clock: Using msrs 4b564d01 and 4b564d00
[    0.000000] kvm-clock: using sched offset of 3803288274 cycles
[    0.000000] clocksource: kvm-clock: mask: 0xffffffffffffffff max_cycles: 0x1cd42e4dffb, max_idle_ns: 881590591483 ns
[    0.000000] Zone ranges:
[    0.000000]   DMA      [mem 0x0000000000001000-0x0000000000ffffff]
[    0.000000]   DMA32    [mem 0x0000000001000000-0x000000007ffeffff]
[    0.000000]   Normal   empty
[    0.000000]   Device   empty
[    0.000000] Movable zone start for each node
[    0.000000] Early memory node ranges
[    0.000000]   node   0: [mem 0x0000000000001000-0x000000000009efff]
[    0.000000]   node   0: [mem 0x0000000000100000-0x000000007ffeffff]
[    0.000000] Reserved but unavailable: 104 pages
[    0.000000] Initmem setup node 0 [mem 0x0000000000001000-0x000000007ffeffff]
[    0.000000] ACPI: PM-Timer IO Port: 0x4008
[    0.000000] IOAPIC[0]: apic_id 2, version 32, address 0xfec00000, GSI 0-23
[    0.000000] ACPI: INT_SRC_OVR (bus 0 bus_irq 0 global_irq 2 dfl dfl)
[    0.000000] ACPI: INT_SRC_OVR (bus 0 bus_irq 9 global_irq 9 low level)
[    0.000000] Using ACPI (MADT) for SMP configuration information
[    0.000000] smpboot: Allowing 2 CPUs, 0 hotplug CPUs
[    0.000000] PM: Registered nosave memory: [mem 0x00000000-0x00000fff]
[    0.000000] PM: Registered nosave memory: [mem 0x0009f000-0x0009ffff]
[    0.000000] PM: Registered nosave memory: [mem 0x000a0000-0x000effff]
[    0.000000] PM: Registered nosave memory: [mem 0x000f0000-0x000fffff]
[    0.000000] e820: [mem 0x80000000-0xfebfffff] available for PCI devices
[    0.000000] Booting paravirtualized kernel on KVM
[    0.000000] clocksource: refined-jiffies: mask: 0xffffffff max_cycles: 0xffffffff, max_idle_ns: 7645519600211568 ns
[    0.000000] setup_percpu: NR_CPUS:8192 nr_cpumask_bits:2 nr_cpu_ids:2 nr_node_ids:1
[    0.000000] percpu: Embedded 50 pages/cpu s167936 r8192 d28672 u1048576
[    0.000000] PV qspinlock hash table entries: 256 (order: 0, 4096 bytes)
[    0.000000] Built 1 zonelists, mobility grouping on.  Total pages: 515961
[    0.000000] Policy zone: DMA32
[    0.000000] Kernel command line: BOOT_IMAGE=/boot/vmlinuz-4.15.0-212-generic root=LABEL=cloudimg-rootfs ro console=tty1 console=ttyS0
[    0.000000] Memory: 2014836K/2096696K available (12300K kernel code, 2477K rwdata, 4324K rodata, 2480K init, 2720K bss, 81860K reserved, 0K cma-reserved)
[    0.000000] SLUB: HWalign=64, Order=0-3, MinObjects=0, CPUs=2, Nodes=1
[    0.000000] Kernel/User page tables isolation: enabled
[    0.000000] ftrace: allocating 39508 entries in 155 pages
[    0.004000] Hierarchical RCU implementation.
[    0.004000] 	RCU restricting CPUs from NR_CPUS=8192 to nr_cpu_ids=2.
[    0.004000] 	Tasks RCU enabled.
[    0.004000] RCU: Adjusting geometry for rcu_fanout_leaf=16, nr_cpu_ids=2
[    0.004000] NR_IRQS: 524544, nr_irqs: 440, preallocated irqs: 16
[    0.004000] random: crng init done
[    0.004000] Console: colour VGA+ 80x25
[    0.004000] console [tty1] enabled
[    0.004000] console [ttyS0] enabled
[    0.004000] ACPI: Core revision 20170831
[    0.004000] ACPI: 2 ACPI AML tables successfully acquired and loaded
[    0.004000] APIC: Switch to symmetric I/O mode setup
[    0.004000] x2apic enabled
[    0.004000] Switched APIC routing to physical x2apic.
[    0.004000] ..TIMER: vector=0x30 apic1=0 pin1=2 apic2=-1 pin2=-1
[    0.004007] tsc: Detected 1999.917 MHz processor
[    0.005129] Calibrating delay loop (skipped) preset value.. 3999.83 BogoMIPS (lpj=7999668)
[    0.008007] pid_max: default: 32768 minimum: 301
[    0.009217] Security Framework initialized
[    0.012004] Yama: becoming mindful.
[    0.012884] AppArmor: AppArmor initialized
[    0.015180] Dentry cache hash table entries: 262144 (order: 9, 2097152 bytes)
[    0.017021] Inode-cache hash table entries: 131072 (order: 8, 1048576 bytes)
[    0.018884] Mount-cache hash table entries: 4096 (order: 3, 32768 bytes)
[    0.020015] Mountpoint-cache hash table entries: 4096 (order: 3, 32768 bytes)
[    0.024291] Last level iTLB entries: 4KB 1024, 2MB 1024, 4MB 1024
[    0.025740] Last level dTLB entries: 4KB 1024, 2MB 1024, 4MB 1024, 1GB 4
[    0.028005] Spectre V1 : Mitigation: usercopy/swapgs barriers and __user pointer sanitization
[    0.029996] Spectre V2 : Mitigation: Retpolines
[    0.031110] Spectre V2 : Spectre v2 / SpectreRSB mitigation: Filling RSB on context switch
[    0.032002] Spectre V2 : Spectre v2 / SpectreRSB : Filling RSB on VMEXIT
[    0.033533] Speculative Store Bypass: Vulnerable
[    0.036076] MDS: Mitigation: Clear CPU buffers
[    0.037464] MMIO Stale Data: Unknown: No mitigations
[    0.038666] SRBDS: Unknown: Dependent on hypervisor status
[    0.040190] Freeing SMP alternatives memory: 36K
[    0.152096] smpboot: CPU0: Intel(R) Core(TM) i5-4260U CPU @ 1.40GHz (family: 0x6, model: 0x45, stepping: 0x1)
[    0.154723] Performance Events: unsupported p6 CPU model 69 no PMU driver, software events only.
[    0.156042] Hierarchical SRCU implementation.
[    0.157821] NMI watchdog: Perf event create on CPU 0 failed with -2
[    0.160004] NMI watchdog: Perf NMI watchdog permanently disabled
[    0.161555] smp: Bringing up secondary CPUs ...
[    0.162625] x86: Booting SMP configuration:
[    0.163484] .... node  #0, CPUs:      #1
[    0.004000] kvm-clock: cpu 1, msr 0:7ff44041, secondary cpu clock
[    0.168012] smp: Brought up 1 node, 2 CPUs
[    0.169330] smpboot: Max logical packages: 1
[    0.170497] smpboot: Total of 2 processors activated (7999.66 BogoMIPS)
[    0.172252] devtmpfs: initialized
[    0.172959] x86/mm: Memory block size: 128MB
[    0.174268] evm: security.selinux
[    0.175171] evm: security.SMACK64
[    0.176004] evm: security.SMACK64EXEC
[    0.176931] evm: security.SMACK64TRANSMUTE
[    0.178012] evm: security.SMACK64MMAP
[    0.178939] evm: security.apparmor
[    0.180004] evm: security.ima
[    0.180778] evm: security.capability
[    0.181751] clocksource: jiffies: mask: 0xffffffff max_cycles: 0xffffffff, max_idle_ns: 7645041785100000 ns
[    0.184015] futex hash table entries: 512 (order: 3, 32768 bytes)
[    0.185509] pinctrl core: initialized pinctrl subsystem
[    0.186887] RTC time: 11:41:57, date: 07/12/24
[    0.188164] NET: Registered protocol family 16
[    0.189356] audit: initializing netlink subsys (disabled)
[    0.190701] audit: type=2000 audit(1720784522.081:1): state=initialized audit_enabled=0 res=1
[    0.192017] cpuidle: using governor ladder
[    0.193051] cpuidle: using governor menu
[    0.194065] ACPI: bus type PCI registered
[    0.196005] acpiphp: ACPI Hot Plug PCI Controller Driver version: 0.5
[    0.197612] PCI: Using configuration type 1 for base access
[    0.200989] HugeTLB registered 2.00 MiB page size, pre-allocated 0 pages
[    0.204089] ACPI: Added _OSI(Module Device)
[    0.205169] ACPI: Added _OSI(Processor Device)
[    0.206261] ACPI: Added _OSI(3.0 _SCP Extensions)
[    0.207406] ACPI: Added _OSI(Processor Aggregator Device)
[    0.208008] ACPI: Added _OSI(Linux-Dell-Video)
[    0.209122] ACPI: Added _OSI(Linux-Lenovo-NV-HDMI-Audio)
[    0.210437] ACPI: Added _OSI(Linux-HPI-Hybrid-Graphics)
[    0.212309] ACPI: Executed 1 blocks of module-level executable AML code
[    0.217644] ACPI: Interpreter enabled
[    0.218659] ACPI: (supports S0 S5)
[    0.219558] ACPI: Using IOAPIC for interrupt routing
[    0.220275] PCI: Using host bridge windows from ACPI; if necessary, use "pci=nocrs" and report a bug
[    0.222583] ACPI: Enabled 2 GPEs in block 00 to 07
[    0.231520] ACPI: PCI Root Bridge [PCI0] (domain 0000 [bus 00-ff])
[    0.232011] acpi PNP0A03:00: _OSC: OS supports [ASPM ClockPM Segments MSI]
[    0.234194] acpi PNP0A03:00: _OSC: not requesting OS control; OS requires [ExtendedConfig ASPM ClockPM MSI]
[    0.236032] acpi PNP0A03:00: fail to add MMCONFIG information, can't access extended PCI configuration space under this bridge.
[    0.240825] PCI host bridge to bus 0000:00
[    0.244021] pci_bus 0000:00: root bus resource [io  0x0000-0x0cf7 window]
[    0.248017] pci_bus 0000:00: root bus resource [io  0x0d00-0xffff window]
[    0.252014] pci_bus 0000:00: root bus resource [mem 0x000a0000-0x000bffff window]
[    0.256047] pci_bus 0000:00: root bus resource [mem 0x80000000-0xfdffffff window]
[    0.260015] pci_bus 0000:00: root bus resource [bus 00-ff]
[    0.266324] pci 0000:00:01.1: legacy IDE quirk: reg 0x10: [io  0x01f0-0x01f7]
[    0.268014] pci 0000:00:01.1: legacy IDE quirk: reg 0x14: [io  0x03f6]
[    0.272015] pci 0000:00:01.1: legacy IDE quirk: reg 0x18: [io  0x0170-0x0177]
[    0.273976] pci 0000:00:01.1: legacy IDE quirk: reg 0x1c: [io  0x0376]
[    0.318373] pci 0000:00:07.0: quirk: [io  0x4000-0x403f] claimed by PIIX4 ACPI
[    0.320062] pci 0000:00:07.0: quirk: [io  0x4100-0x410f] claimed by PIIX4 SMB
[    0.340333] ACPI: PCI Interrupt Link [LNKA] (IRQs 5 9 10 *11)
[    0.342457] ACPI: PCI Interrupt Link [LNKB] (IRQs 5 9 *10 11)
[    0.344291] ACPI: PCI Interrupt Link [LNKC] (IRQs 5 *9 10 11)
[    0.345879] ACPI: PCI Interrupt Link [LNKD] (IRQs 5 9 10 *11)
[    0.347448] SCSI subsystem initialized
[    0.348061] pci 0000:00:02.0: vgaarb: setting as boot VGA device
[    0.349418] pci 0000:00:02.0: vgaarb: VGA device added: decodes=io+mem,owns=io+mem,locks=none
[    0.351845] pci 0000:00:02.0: vgaarb: bridge control possible
[    0.352032] vgaarb: loaded
[    0.352980] ACPI: bus type USB registered
[    0.356063] usbcore: registered new interface driver usbfs
[    0.360025] usbcore: registered new interface driver hub
[    0.361296] usbcore: registered new device driver usb
[    0.362628] EDAC MC: Ver: 3.0.0
[    0.364177] PCI: Using ACPI for IRQ routing
[    0.365452] NetLabel: Initializing
[    0.367275] NetLabel:  domain hash size = 128
[    0.368008] NetLabel:  protocols = UNLABELED CIPSOv4 CALIPSO
[    0.372035] NetLabel:  unlabeled traffic allowed by default
[    0.374441] clocksource: Switched to clocksource kvm-clock
[    0.393412] VFS: Disk quotas dquot_6.6.0
[    0.394554] VFS: Dquot-cache hash table entries: 512 (order 0, 4096 bytes)
[    0.396314] AppArmor: AppArmor Filesystem Enabled
[    0.397874] pnp: PnP ACPI init
[    0.400305] pnp: PnP ACPI: found 3 devices
[    0.413108] clocksource: acpi_pm: mask: 0xffffff max_cycles: 0xffffff, max_idle_ns: 2085701024 ns
[    0.417758] NET: Registered protocol family 2
[    0.419176] IP idents hash table entries: 32768 (order: 6, 262144 bytes)
[    0.421820] TCP established hash table entries: 16384 (order: 5, 131072 bytes)
[    0.423925] TCP bind hash table entries: 16384 (order: 6, 262144 bytes)
[    0.426390] TCP: Hash tables configured (established 16384 bind 16384)
[    0.427997] UDP hash table entries: 1024 (order: 3, 32768 bytes)
[    0.429568] UDP-Lite hash table entries: 1024 (order: 3, 32768 bytes)
[    0.431809] NET: Registered protocol family 1
[    0.434538] pci 0000:00:00.0: Limiting direct PCI/PCI transfers
[    0.436640] pci 0000:00:01.0: Activating ISA DMA hang workarounds
[    0.438625] pci 0000:00:02.0: Video device with shadowed ROM at [mem 0x000c0000-0x000dffff]
[    0.440970] Unpacking initramfs...
[    0.804823] Freeing initrd memory: 19528K
[    0.807590] clocksource: tsc: mask: 0xffffffffffffffff max_cycles: 0x39a7bff902e, max_idle_ns: 881590651046 ns
[    0.810493] platform rtc_cmos: registered platform RTC device (no PNP device found)
[    0.812497] Scanning for low memory corruption every 60 seconds
[    0.815208] Initialise system trusted keyrings
[    0.816422] Key type blacklist registered
[    0.818548] workingset: timestamp_bits=36 max_order=19 bucket_order=0
[    0.821523] zbud: loaded
[    0.822783] squashfs: version 4.0 (2009/01/31) Phillip Lougher
[    0.824512] fuse init (API version 7.26)
[    0.827841] Key type asymmetric registered
[    0.828694] Asymmetric key parser 'x509' registered
[    0.829677] Block layer SCSI generic (bsg) driver version 0.4 loaded (major 246)
[    0.831214] io scheduler noop registered
[    0.832002] io scheduler deadline registered
[    0.832913] io scheduler cfq registered (default)
[    0.834123] ACPI: AC Adapter [AC] (off-line)
[    0.835113] input: Power Button as /devices/LNXSYSTM:00/LNXPWRBN:00/input/input0
[    0.836648] ACPI: Power Button [PWRF]
[    0.837517] input: Sleep Button as /devices/LNXSYSTM:00/LNXSLPBN:00/input/input1
[    0.838874] ACPI: Sleep Button [SLPF]
[    0.840636] ACPI: Battery Slot [BAT0] (battery present)
[    0.841856] Serial: 8250/16550 driver, 32 ports, IRQ sharing enabled
[    0.863859] 00:02: ttyS0 at I/O 0x3f8 (irq = 4, base_baud = 115200) is a 16550A
[    0.868610] Linux agpgart interface v0.103
[    0.871508] loop: module loaded
[    0.872898] scsi host0: ata_piix
[    0.873742] scsi host1: ata_piix
[    0.874429] ata1: PATA max UDMA/33 cmd 0x1f0 ctl 0x3f6 bmdma 0xd000 irq 14
[    0.875699] ata2: PATA max UDMA/33 cmd 0x170 ctl 0x376 bmdma 0xd008 irq 15
[    0.877092] tun: Universal TUN/TAP device driver, 1.6
[    0.878361] PPP generic driver version 2.4.2
[    0.879440] ehci_hcd: USB 2.0 'Enhanced' Host Controller (EHCI) Driver
[    0.880726] ehci-pci: EHCI PCI platform driver
[    0.881593] ehci-platform: EHCI generic platform driver
[    0.882550] ohci_hcd: USB 1.1 'Open' Host Controller (OHCI) Driver
[    0.883660] ohci-pci: OHCI PCI platform driver
[    0.884572] ohci-platform: OHCI generic platform driver
[    0.885573] uhci_hcd: USB Universal Host Controller Interface driver
[    0.886839] i8042: PNP: PS/2 Controller [PNP0303:PS2K,PNP0f03:PS2M] at 0x60,0x64 irq 1,12
[    0.888885] serio: i8042 KBD port at 0x60,0x64 irq 1
[    0.889861] serio: i8042 AUX port at 0x60,0x64 irq 12
[    0.891050] mousedev: PS/2 mouse device common for all mice
[    0.892863] input: AT Translated Set 2 keyboard as /devices/platform/i8042/serio0/input/input2
[    0.894723] rtc_cmos rtc_cmos: rtc core: registered rtc_cmos as rtc0
[    0.895998] rtc_cmos rtc_cmos: alarms up to one day, 114 bytes nvram
[    0.897200] i2c /dev entries driver
[    0.897971] device-mapper: uevent: version 1.0.3
[    0.899032] device-mapper: ioctl: 4.37.0-ioctl (2017-09-20) initialised: dm-devel@redhat.com
[    0.900715] ledtrig-cpu: registered to indicate activity on CPUs
[    0.902359] NET: Registered protocol family 10
[    0.907820] Segment Routing with IPv6
[    0.908687] NET: Registered protocol family 17
[    0.909709] Key type dns_resolver registered
[    0.910768] mce: Using 0 MCE banks
[    0.911515] RAS: Correctable Errors collector initialized.
[    0.912623] sched_clock: Marking stable (912574992, 0)->(1143395356, -230820364)
[    0.914693] registered taskstats version 1
[    0.915639] Loading compiled-in X.509 certificates
[    0.919315] Loaded X.509 cert 'Build time autogenerated kernel key: b5b26778eaa3ab3a4a6cee031137706e947d12ad'
[    0.922047] Loaded X.509 cert 'Canonical Ltd. Live Patch Signing: 14df34d1a87cf37625abec039ef2bf521249b969'
[    0.924645] Loaded X.509 cert 'Canonical Ltd. Kernel Module Signing: 88f752e560a1e0737e31163a466ad7b70a850c19'
[    0.926542] blacklist: Loading compiled-in revocation X.509 certificates
[    0.927839] Loaded X.509 cert 'Canonical Ltd. Secure Boot Signing: 61482aa2830d0ab2ad5af10b7250da9033ddcef0'
[    0.929629] Loaded X.509 cert 'Canonical Ltd. Secure Boot Signing (2017): 242ade75ac4a15e50d50c84b0d45ff3eae707a03'
[    0.931634] Loaded X.509 cert 'Canonical Ltd. Secure Boot Signing (ESM 2018): 365188c1d374d6b07c3c8f240f8ef722433d6a8b'
[    0.933647] Loaded X.509 cert 'Canonical Ltd. Secure Boot Signing (2019): c0746fd6c5da3ae827864651ad66ae47fe24b3e8'
[    0.935454] Loaded X.509 cert 'Canonical Ltd. Secure Boot Signing (2021 v1): a8d54bbb3825cfb94fa13c9f8a594a195c107b8d'
[    0.937438] Loaded X.509 cert 'Canonical Ltd. Secure Boot Signing (2021 v2): 4cf046892d6fd3c9a5b03f98d845f90851dc6a8c'
[    0.939327] Loaded X.509 cert 'Canonical Ltd. Secure Boot Signing (2021 v3): 100437bb6de6e469b581e61cd66bce3ef4ed53af'
[    0.941362] Loaded X.509 cert 'Canonical Ltd. Secure Boot Signing (Ubuntu Core 2019): c1d57b8f6b743f23ee41f4f7ee292f06eecadfb9'
[    0.943412] zswap: loaded using pool lzo/zbud
[    0.948345] Key type big_key registered
[    0.949162] Key type trusted registered
[    0.951823] Key type encrypted registered
[    0.952733] AppArmor: AppArmor sha1 policy hashing enabled
[    0.953789] ima: No TPM chip found, activating TPM-bypass! (rc=-19)
[    0.955260] ima: Allocated hash algorithm: sha1
[    0.956539] evm: HMAC attrs: 0x1
[    0.957530]   Magic number: 0:207:681
[    0.958367] rtc_cmos rtc_cmos: setting system clock to 2024-07-12 11:41:58 UTC (1720784518)
[    0.960108] BIOS EDD facility v0.16 2004-Jun-25, 0 devices found
[    0.961255] EDD information not available.
[    1.063572] Freeing unused kernel image memory: 2480K
[    1.076283] Write protecting the kernel read-only data: 20480k
[    1.078945] Freeing unused kernel image memory: 2008K
[    1.080618] Freeing unused kernel image memory: 1820K
[    1.089626] x86/mm: Checked W+X mappings: passed, no W+X pages found.
[    1.091243] x86/mm: Checking user space page tables
[    1.099758] x86/mm: Checked W+X mappings: passed, no W+X pages found.
Loading, please wait...
starting version 237
[    1.191058] Fusion MPT base driver 3.04.20
[    1.192352] Copyright (c) 1999-2008 LSI Corporation
[    1.201235] e1000: Intel(R) PRO/1000 Network Driver - version 7.3.21-k8-NAPI
[    1.203148] e1000: Copyright (c) 1999-2006 Intel Corporation.
[    1.219684] Fusion MPT SPI Host driver 3.04.20
[    1.223682] AVX2 version of gcm_enc/dec engaged.
[    1.224953] AES CTR mode by8 optimization enabled
[    1.399928] input: ImExPS/2 Generic Explorer Mouse as /devices/platform/i8042/serio1/input/input4
[    1.604597] e1000 0000:00:03.0 eth0: (PCI:33MHz:32-bit) 02:3b:7b:b7:3b:2d
[    1.607185] e1000 0000:00:03.0 eth0: Intel(R) PRO/1000 Network Connection
[    1.610344] mptbase: ioc0: Initiating bringup
[    1.612389] e1000 0000:00:03.0 enp0s3: renamed from eth0
[    1.704526] ioc0: LSI53C1030 A0: Capabilities={Initiator}
[    1.947371] scsi host2: ioc0: LSI53C1030 A0, FwRev=00000000h, Ports=1, MaxQ=256, IRQ=20
[    2.117257] scsi 2:0:0:0: Direct-Access     VBOX     HARDDISK         1.0  PQ: 0 ANSI: 5
[    2.647375] scsi target2:0:0: Beginning Domain Validation
[    2.649944] scsi target2:0:0: Domain Validation skipping write tests
[    2.651537] scsi target2:0:0: Ending Domain Validation
[    2.653004] scsi target2:0:0: asynchronous
[    2.654939] scsi 2:0:1:0: Direct-Access     VBOX     HARDDISK         1.0  PQ: 0 ANSI: 5
[    3.235541] scsi target2:0:1: Beginning Domain Validation
[    3.241624] scsi target2:0:1: Domain Validation skipping write tests
[    3.243952] scsi target2:0:1: Ending Domain Validation
[    3.245609] scsi target2:0:1: asynchronous
[    3.253183] sd 2:0:0:0: [sda] 83886080 512-byte logical blocks: (42.9 GB/40.0 GiB)
[    3.253248] sd 2:0:0:0: Attached scsi generic sg0 type 0
[    3.257666] sd 2:0:0:0: [sda] Write Protect is off
[    3.259009] sd 2:0:1:0: Attached scsi generic sg1 type 0
[    3.261915] sd 2:0:0:0: [sda] Incomplete mode parameter data
[    3.263499] sd 2:0:0:0: [sda] Assuming drive cache: write through
[    3.265945] sd 2:0:1:0: [sdb] 20480 512-byte logical blocks: (10.5 MB/10.0 MiB)
[    3.268067] sd 2:0:1:0: [sdb] Write Protect is off
[    3.269672] sd 2:0:1:0: [sdb] Incomplete mode parameter data
[    3.271355] sd 2:0:1:0: [sdb] Assuming drive cache: write through
[    3.275342]  sda: sda1
[    3.277557] sd 2:0:0:0: [sda] Attached SCSI disk
[    3.280121] sd 2:0:1:0: [sdb] Attached SCSI disk
Begin: Loading essential drivers ... [    5.012026] raid6: sse2x1   gen()  8260 MB/s
[    5.064305] raid6: sse2x1   xor()  6462 MB/s
[    5.125414] raid6: sse2x2   gen() 12744 MB/s
[    5.172717] raid6: sse2x2   xor()  6288 MB/s
[    5.220120] raid6: sse2x4   gen()  7947 MB/s
[    5.268110] raid6: sse2x4   xor()  5536 MB/s
[    5.316029] raid6: avx2x1   gen() 13309 MB/s
[    5.372268] raid6: avx2x1   xor() 13112 MB/s
[    5.431162] raid6: avx2x2   gen() 21898 MB/s
[    5.480247] raid6: avx2x2   xor() 11559 MB/s
[    5.539928] raid6: avx2x4   gen() 27104 MB/s
[    5.592013] raid6: avx2x4   xor() 15353 MB/s
[    5.592982] raid6: using algorithm avx2x4 gen() 27104 MB/s
[    5.594068] raid6: .... xor() 15353 MB/s, rmw enabled
[    5.595138] raid6: using avx2x2 recovery algorithm
[    5.598748] xor: automatically using best checksumming function   avx       
[    5.601682] async_tx: api initialized (async)
done.
Begin: Running /scripts/init-premount ... done.
Begin: Mounting root file system ... Begin: Running /scripts/local-top ... done.
Begin: Running /scripts/local-premount ... [    5.658312] Btrfs loaded, crc32c=crc32c-intel
Scanning for Btrfs filesystems
done.
Warning: fsck not present, so skipping root file system
[    5.697954] EXT4-fs (sda1): mounted filesystem with ordered data mode. Opts: (null)
done.
Begin: Running /scripts/local-bottom ... done.
Begin: Running /scripts/init-bottom ... done.
[    5.928669] ip_tables: (C) 2000-2006 Netfilter Core Team
[    5.942312] systemd[1]: systemd 237 running in system mode. (+PAM +AUDIT +SELINUX +IMA +APPARMOR +SMACK +SYSVINIT +UTMP +LIBCRYPTSETUP +GCRYPT +GNUTLS +ACL +XZ +LZ4 +SECCOMP +BLKID +ELFUTILS +KMOD -IDN2 +IDN -PCRE2 default-hierarchy=hybrid)
[    5.947677] systemd[1]: Detected virtualization oracle.
[    5.949044] systemd[1]: Detected architecture x86-64.

Welcome to [1mUbuntu 18.04.6 LTS[0m!

[    5.957146] systemd[1]: Set hostname to <ubuntu>.
[    5.960909] systemd[1]: Initializing machine ID from random generator.
[    5.963039] systemd[1]: Installed transient /etc/machine-id file.
[    6.301317] systemd[1]: Created slice System Slice.
[[0;32m  OK  [0m] Created slice System Slice.
[    6.303469] systemd[1]: Listening on Network Service Netlink Socket.
[[0;32m  OK  [0m] Listening on Network Service Netlink Socket.
[    6.306169] systemd[1]: Listening on Journal Audit Socket.
[[0;32m  OK  [0m] Listening on Journal Audit Socket.
[    6.308546] systemd[1]: Listening on Journal Socket (/dev/log).
[[0;32m  OK  [0m] Listening on Journal Socket (/dev/log).
[[0;32m  OK  [0m] Listening on udev Control Socket.
[[0;32m  OK  [0m] Listening on udev Kernel Socket.
[[0;32m  OK  [0m] Listening on LVM2 poll daemon socket.
[[0;32m  OK  [0m] Listening on Device-mapper event daemon FIFOs.
[[0;32m  OK  [0m] Created slice system-serial\x2dgetty.slice.
[[0;32m  OK  [0m] Listening on fsck to fsckd communication Socket.
[[0;32m  OK  [0m] Set up automount Arbitrary Executabâ€¦rmats File System Automount Point.
[[0;32m  OK  [0m] Reached target User and Group Name Lookups.
[[0;32m  OK  [0m] Reached target Mounting snaps.
[[0;32m  OK  [0m] Reached target Mounted snaps.
[[0;32m  OK  [0m] Started Forward Password Requests to Wall Directory Watch.
[[0;32m  OK  [0m] Listening on Journal Socket.
         Starting File System Check on Root Device...
         Mounting POSIX Message Queue File System...
         Starting Create list of required stâ€¦ce nodes for the current kernel...
         Mounting Huge Pages File System...
         Mounting Kernel Debug File System...
         Starting Load Kernel Modules...
         Starting Set the console keyboard layout...
         Starting udev Coldplug all Devices...
[[0;32m  OK  [0m] Created slice User and Session Slice.
[[0;32m  OK  [0m] Reached target Slices.
         Starting Uncomplicated firewall...
[[0;32m  OK  [0m] Listening on LVM2 metadata daemon socket.
         Starting Monitoring of LVM2 mirrorsâ€¦ng dmeventd or progress polling...
[[0;32m  OK  [0m] Reached target Swap.
[[0;32m  OK  [0m] Listening on Syslog Socket.
         Starting Journal Service...
[[0;32m  OK  [0m] Listening on /dev/initctl Compatibility Named Pipe.
[[0;32m  OK  [0m] Reached target System Time Synchronized.
[[0;32m  OK  [0m] Started File System Check on Root Device.
[[0;32m  OK  [0m] Mounted POSIX Message Queue File System.
[[0;32m  OK  [0m] Started Create list of required staâ€¦vice nodes for the current kernel.
[[0;32m  OK  [0m] Mounted Huge Pages File System.
[[0;32m  OK  [0m] Mounted Kernel Debug File System.
[[0;32m  OK  [0m] Started File System Check Daemon to report status.
         Starting Create Static Device Nodes in /dev...
         Starting Remount Root and Kernel File Systems...
[    6.440480] Loading iSCSI transport class v2.0-870.
[[0;32m  OK  [0m] Started Uncomplicated firewall.
[[0;32m  OK  [0m] Started LVM2 metadata daemon.
[[0;32m  OK  [0m] Started udev Coldplug all Devices.
[[0;32m  OK  [0m] Started Journal Service.
[[0;32m  OK  [0m] Started Create Static Device Nodes in /dev.
[    6.565072] iscsi: registered transport (tcp)
[    6.587858] iscsi: registered transport (iser)
[[0;32m  OK  [0m] Started Load Kernel Modules.
         Starting Apply Kernel Variables...
         Mounting FUSE Control File System...
         Mounting Kernel Configuration File System...
[    6.605372] EXT4-fs (sda1): re-mounted. Opts: (null)
[[0;32m  OK  [0m] Mounted FUSE Control File System.
[[0;32m  OK  [0m] Started Remount Root and Kernel File Systems.
[[0;32m  OK  [0m] Mounted Kernel Configuration File System.
         Starting udev Kernel Device Manager...
         Starting Load/Save Random Seed...
         Starting Flush Journal to Persistent Storage...
[[0;32m  OK  [0m] Started Monitoring of LVM2 mirrors,â€¦sing dmeventd or progress polling.
[[0;32m  OK  [0m] Started Apply Kernel Variables.
[[0;32m  OK  [0m] Started Load/Save Random Seed.
[[0;32m  OK  [0m] Started udev Kernel Device Manager.
[[0;32m  OK  [0m] Started Flush Journal to Persistent Storage.
[[0;32m  OK  [0m] Found device /dev/ttyS0.
[[0;32m  OK  [0m] Listening on Load/Save RF Kill Switch Status /dev/rfkill Watch.
         Mounting Arbitrary Executable File Formats File System...
[[0;32m  OK  [0m] Mounted Arbitrary Executable File Formats File System.
[[0;32m  OK  [0m] Started Set the console keyboard layout.
[[0;32m  OK  [0m] Reached target Local File Systems (Pre).
[[0;32m  OK  [0m] Reached target Local File Systems.
         Starting Tell Plymouth To Write Out Runtime Data...
         Starting Create Volatile Files and Directories...
         Starting Set console font and keymap...
         Starting AppArmor initialization...
         Starting ebtables ruleset management...
         Starting Commit a transient machine-id on disk...
[[0;32m  OK  [0m] Started Dispatch Password Requests to Console Directory Watch.
[[0;32m  OK  [0m] Reached target Local Encrypted Volumes.
[[0;32m  OK  [0m] Started Tell Plymouth To Write Out Runtime Data.
[[0;32m  OK  [0m] Started Create Volatile Files and Directories.
         Starting Update UTMP about System Boot/Shutdown...
[[0;32m  OK  [0m] Started Update UTMP about System Boot/Shutdown.
[[0;32m  OK  [0m] Started Commit a transient machine-id on disk.
[[0;32m  OK  [0m] Started ebtables ruleset management.
[[0;32m  OK  [0m] Started AppArmor initialization.
         Starting Initial cloud-init job (pre-networking)...
         Starting Load AppArmor profiles managed internally by snapd...
[[0;32m  OK  [0m] Started Load AppArmor profiles managed internally by snapd.
[[0;32m  OK  [0m] Started Set console font and keymap.
[   11.401549] cloud-init[794]: Cloud-init v. 23.1.2-0ubuntu0~18.04.1 running 'init-local' at Fri, 12 Jul 2024 11:42:08 +0000. Up 10.99 seconds.
[[0;32m  OK  [0m] Started Initial cloud-init job (pre-networking).
[[0;32m  OK  [0m] Reached target Network (Pre).
         Starting Network Service...
[[0;32m  OK  [0m] Started Network Service.
         Starting Wait for Network to be Configured...
         Starting Network Name Resolution...
[[0;32m  OK  [0m] Started Network Name Resolution.
[[0;32m  OK  [0m] Reached target Host and Network Name Lookups.
[[0;32m  OK  [0m] Reached target Network.
[[0;32m  OK  [0m] Started Wait for Network to be Configured.
         Starting Initial cloud-init job (metadata service crawler)...
[   13.982299] cloud-init[956]: Cloud-init v. 23.1.2-0ubuntu0~18.04.1 running 'init' at Fri, 12 Jul 2024 11:42:11 +0000. Up 13.74 seconds.
[   13.984502] cloud-init[956]: ci-info: ++++++++++++++++++++++++++++++++++++++Net device info++++++++++++++++++++++++++++++++++++++
[   13.986626] cloud-init[956]: ci-info: +--------+------+----------------------------+---------------+--------+-------------------+
[   13.988858] cloud-init[956]: ci-info: | Device |  Up  |          Address           |      Mask     | Scope  |     Hw-Address    |
[   13.992415] cloud-init[956]: ci-info: +--------+------+----------------------------+---------------+--------+-------------------+
[   13.994834] cloud-init[956]: ci-info: | enp0s3 | True |         10.0.2.15          | 255.255.255.0 | global | 02:3b:7b:b7:3b:2d |
[   13.997347] cloud-init[956]: ci-info: | enp0s3 | True | fe80::3b:7bff:feb7:3b2d/64 |       .       |  link  | 02:3b:7b:b7:3b:2d |
[   13.999462] cloud-init[956]: ci-info: |   lo   | True |         127.0.0.1          |   255.0.0.0   |  host  |         .         |
[   14.001625] cloud-init[956]: ci-info: |   lo   | True |          ::1/128           |       .       |  host  |         .         |
[   14.003641] cloud-init[956]: ci-info: +--------+------+----------------------------+---------------+--------+-------------------+
[   14.005582] cloud-init[956]: ci-info: ++++++++++++++++++++++++++++Route IPv4 info+++++++++++++++++++++++++++++
[   14.007238] cloud-init[956]: ci-info: +-------+-------------+----------+-----------------+-----------+-------+
[   14.009277] cloud-init[956]: ci-info: | Route | Destination | Gateway  |     Genmask     | Interface | Flags |
[   14.011239] cloud-init[956]: ci-info: +-------+-------------+----------+-----------------+-----------+-------+
[   14.013643] cloud-init[956]: ci-info: |   0   |   0.0.0.0   | 10.0.2.2 |     0.0.0.0     |   enp0s3  |   UG  |
[   14.015930] cloud-init[956]: ci-info: |   1   |   10.0.2.0  | 0.0.0.0  |  255.255.255.0  |   enp0s3  |   U   |
[   14.018208] cloud-init[956]: ci-info: |   2   |   10.0.2.2  | 0.0.0.0  | 255.255.255.255 |   enp0s3  |   UH  |
[   14.020524] cloud-init[956]: ci-info: +-------+-------------+----------+-----------------+-----------+-------+
[   14.023041] cloud-init[956]: ci-info: +++++++++++++++++++Route IPv6 info+++++++++++++++++++
[   14.027245] cloud-init[956]: ci-info: +-------+-------------+---------+-----------+-------+
[   14.029154] cloud-init[956]: ci-info: | Route | Destination | Gateway | Interface | Flags |
[   14.031929] cloud-init[956]: ci-info: +-------+-------------+---------+-----------+-------+
[   14.033716] cloud-init[956]: ci-info: |   1   |  fe80::/64  |    ::   |   enp0s3  |   U   |
[   14.036289] cloud-init[956]: ci-info: |   3   |    local    |    ::   |   enp0s3  |   U   |
[   14.037811] cloud-init[956]: ci-info: |   4   |   ff00::/8  |    ::   |   enp0s3  |   U   |
[   14.039289] cloud-init[956]: ci-info: +-------+-------------+---------+-----------+-------+
[   14.966323] cloud-init[956]: Generating public/private rsa key pair.
[   14.980450] cloud-init[956]: Your identification has been saved in /etc/ssh/ssh_host_rsa_key.
[   14.996828] cloud-init[956]: Your public key has been saved in /etc/ssh/ssh_host_rsa_key.pub.
[   15.001978] cloud-init[956]: The key fingerprint is:
[   15.015304] cloud-init[956]: SHA256:8t3m85K69gu7VZ1InkzZ/gwcpcQyATq5yHFtYv2spXY root@ubuntu-bionic
[   15.018090] cloud-init[956]: The key's randomart image is:
[   15.019718] cloud-init[956]: +---[RSA 2048]----+
[   15.021081] cloud-init[956]: |          ...o. .|
[   15.022321] cloud-init[956]: |         =  o.+o |
[   15.024528] cloud-init[956]: |      . B +  *o. |
[   15.025783] cloud-init[956]: |     . = = o=.+o.|
[   15.027052] cloud-init[956]: |      + S   +=+o.|
[   15.028326] cloud-init[956]: |       o . = . o.|
[   15.029734] cloud-init[956]: |        . * E.  o|
[   15.032172] cloud-init[956]: |         ..B+    |
[   15.034795] cloud-init[956]: |         .==+=.  |
[   15.037371] cloud-init[956]: +----[SHA256]-----+
[   15.039852] cloud-init[956]: Generating public/private dsa key pair.
[   15.043199] cloud-init[956]: Your identification has been saved in /etc/ssh/ssh_host_dsa_key.
[   15.047382] cloud-init[956]: Your public key has been saved in /etc/ssh/ssh_host_dsa_key.pub.
[   15.051402] cloud-init[956]: The key fingerprint is:
[   15.054072] cloud-init[956]: SHA256:VcVbHo3UzL2i/ohGnRTPsBbtjfNHff6aYfK6c/8Kz60 root@ubuntu-bionic
[   15.058233] cloud-init[956]: The key's randomart image is:
[   15.061005] cloud-init[956]: +---[DSA 1024]----+
[   15.063573] cloud-init[956]: |            o+o=o|
[   15.066252] cloud-init[956]: |           = .o.B|
[   15.068826] cloud-init[956]: |          . O o++|
[   15.071181] cloud-init[956]: |         . + B.o=|
[   15.073912] cloud-init[956]: |        S + o +o.|
[   15.076822] cloud-init[956]: |         . +   .o|
[   15.079390] cloud-init[956]: |        . . o o o|
[   15.082165] cloud-init[956]: |         ...oB.+.|
[   15.084887] cloud-init[956]: |        .. .+*E==|
[   15.089116] cloud-init[956]: [[0;32m  OK  [0m] Started Initial cloud-init job (metadata service crawler).
[[0;32m  OK  [0m] +----[SHA256]-----+
Reached target Cloud-config availability.[   15.098094] cloud-init[956]: Generating public/private ecdsa key pair.

[   15.099213] cloud-init[956]: Your identification has been saved in /etc/ssh/ssh_host_ecdsa_key.
[[0;32m  OK  [0m[   15.103010] cloud-init[956]: Your public key has been saved in /etc/ssh/ssh_host_ecdsa_key.pub.
[   15.103882] cloud-init[956]: The key fingerprint is:
[   15.104264] cloud-init[956]: SHA256:S/Mq6Dhjb2KH7UXbtwS3d/u9SJKsr1CBE29xVgheRQo root@ubuntu-bionic
[   15.104428] cloud-init[956]: The key's randomart image is:
[   15.104964] cloud-init[956]: +---[ECDSA 256]---+
[   15.105127] cloud-init[956]: |       . E.+=+   |
[   15.106751] cloud-init[956]: |        = *..    |
[   15.106854] cloud-init[956]: |       o = .     |
[   15.111718] cloud-init[956]: |        o .      |
[   15.113357] cloud-init[956]: |      . S..      |
[   15.114062] cloud-init[956]: |     . +.*...    |
[   15.114625] cloud-init[956]: |   o .o.o =+...  |
[   15.117630] cloud-init[956]: |  B.=.. .+.oo....|
[   15.118638] cloud-init[956]: | o.X+  ..o+. ..o+|
[   15.120291] cloud-init[956]: +----[SHA256]-----+
[   15.122632] cloud-init[956]: Generating public/private ed25519 key pair.
[   15.123942] cloud-init[956]: Your identification has been saved in /etc/ssh/ssh_host_ed25519_key.
[   15.126192] ] cloud-init[956]: Your public key has been saved in /etc/ssh/ssh_host_ed25519_key.pub.
[   15.130438] cloud-init[956]: The key fingerprint is:
[   15.134807] cloud-init[956]: SHA256:EdxFjFrC5tBat7YyFni4GyEzczALvgPWTI2rBz6dV+k root@ubuntu-bionic
[   15.135938] cloud-init[956]: The key's randomart image is:
[   15.140427] cloud-init[956]: +--[ED25519 256]--+
[   15.142548] cloud-init[956]: |    o  +.. =o    |
[   15.143271] cloud-init[956]: |  .oo.. B.= .    |
[   15.145134] cloud-init[956]: | .+..+ Oo= .     |
Reached target Network is Online.
[   15.148042] cloud-init[956]: |.o.+* *o=.o      |
[   15.149038] cloud-init[956]: |o.+..*o+So .     |
[   15.150068] cloud-init[956]: | +o+ .oE+ .      |
[   15.153893] cloud-init[956]: |  o..  + o       |
[   15.154821] cloud-init[956]: |      .          |
[   15.156814] cloud-init[956]: |                 |
[   15.158655] cloud-init[956]: +----[SHA256]-----+
         Starting Availability of block devices...
[[0;32m  OK  [0m] Reached target Remote File Systems (Pre).
[[0;32m  OK  [0m] Reached target Remote File Systems.
[[0;32m  OK  [0m] Reached target System Initialization.
[[0;32m  OK  [0m] Started Message of the Day.
[[0;32m  OK  [0m] Listening on D-Bus System Message Bus Socket.
[[0;32m  OK  [0m] Listening on UUID daemon activation socket.
[[0;32m  OK  [0m] Listening on ACPID Listen Socket.
[[0;32m  OK  [0m] Listening on cloud-init hotplug hook socket.
[[0;32m  OK  [0m] Started Daily apt download activities.
[[0;32m  OK  [0m] Started Daily apt upgrade and clean activities.
[[0;32m  OK  [0m] Started Ubuntu Advantage Timer for running repeated jobs.
[[0;32m  OK  [0m] Started Discard unused blocks once a week.
         Starting Socket activation for snappy daemon.
[[0;32m  OK  [0m] Started Daily Cleanup of Temporary Directories.
[[0;32m  OK  [0m] Reached target Timers.
[[0;32m  OK  [0m] Listening on Open-iSCSI iscsid Socket.
[[0;32m  OK  [0m] Started ACPI Events Check.
[[0;32m  OK  [0m] Reached target Paths.
         Starting LXD - unix socket.
[[0;32m  OK  [0m] Started Availability of block devices.
[[0;32m  OK  [0m] Listening on Socket activation for snappy daemon.
[[0;32m  OK  [0m] Listening on LXD - unix socket.
[[0;32m  OK  [0m] Reached target Sockets.
[[0;32m  OK  [0m] Reached target Basic System.
         Starting Virtualbox guest utils...
         Starting System Logging Service...
         Starting LXD - container startup/shutdown...
         Starting Accounts Service...
         Starting Pollinate to seed the pseudo random number generator...
         Starting LSB: automatic crash report generation...
[[0;32m  OK  [0m] Reached target Login Prompts (Pre).
[[0;32m  OK  [0m] Started FUSE filesystem for LXC.
         Starting Permit User Sessions...
[[0;32m  OK  [0m] Started Deferred execution scheduler.
         Starting Snap Daemon...
         Starting Login Service...
         Starting LSB: Record successful boot for GRUB...
         Starting Dispatcher daemon for systemd-networkd...
[[0;32m  OK  [0m] Started irqbalance daemon.
[[0;32m  OK  [0m] Started D-Bus System Message Bus.
[[0;32m  OK  [0m] Started Login Service.
[[0;32m  OK  [0m] Started Unattended Upgrades Shutdown.
[[0;32m  OK  [0m] Started Regular background program processing daemon.
[[0;32m  OK  [0m] Started System Logging Service.
[[0;32m  OK  [0m] Started Permit User Sessions.
         Starting Terminate Plymouth Boot Screen...
         Starting Hold until boot process finishes up...
[[0;32m  OK  [0m] Started Hold until boot process finishes up.
         Starting Set console scheme...
[[0;32m  OK  [0m] Started Serial Getty on ttyS0.
[[0;32m  OK  [0m] Started Terminate Plymouth Boot Screen.
[[0;32m  OK  [0m] Started LSB: automatic crash report generation.
[[0;32m  OK  [0m] Started Set console scheme.
[[0;32m  OK  [0m] Created slice system-getty.slice.
[[0;32m  OK  [0m] Started Getty on tty1.
[[0;32m  OK  [0m] Reached target Login Prompts.
         Starting Authorization Manager...
[[0;32m  OK  [0m] Started Authorization Manager.
[[0;32m  OK  [0m] Started Accounts Service.
[[0;32m  OK  [0m] Started LSB: Record successful boot for GRUB.
[[0;32m  OK  [0m] Started LXD - container startup/shutdown.
[[0;32m  OK  [0m] Started Virtualbox guest utils.
[[0;32m  OK  [0m] Started Dispatcher daemon for systemd-networkd.
[[0;32m  OK  [0m] Started Pollinate to seed the pseudo random number generator.
         Starting OpenBSD Secure Shell server...
[[0;32m  OK  [0m] Started OpenBSD Secure Shell server.
[[0;32m  OK  [0m] Started Snap Daemon.
         Starting Wait until snapd is fully seeded...
[[0;32m  OK  [0m] Created slice User Slice of vagrant.
         Starting User Manager for UID 1000...
[[0;32m  OK  [0m] Started Session 1 of user vagrant.
[[0;32m  OK  [0m] Started User Manager for UID 1000.
         Starting Time & Date Service...
[[0;32m  OK  [0m] Started Time & Date Service.
[[0;32m  OK  [0m] Started Wait until snapd is fully seeded.
         Starting Apply the settings specified in cloud-config...
[   20.781564] cloud-init[1544]: Cloud-init v. 23.1.2-0ubuntu0~18.04.1 running 'modules:config' at Fri, 12 Jul 2024 11:42:17 +0000. Up 20.23 seconds.
ci-info: no authorized SSH keys fingerprints found for user ubuntu.
<14>Jul 12 11:42:19 cloud-init: #############################################################
<14>Jul 12 11:42:19 cloud-init: -----BEGIN SSH HOST KEY FINGERPRINTS-----
<14>Jul 12 11:42:19 cloud-init: 1024 SHA256:VcVbHo3UzL2i/ohGnRTPsBbtjfNHff6aYfK6c/8Kz60 root@ubuntu-bionic (DSA)
<14>Jul 12 11:42:19 cloud-init: 256 SHA256:S/Mq6Dhjb2KH7UXbtwS3d/u9SJKsr1CBE29xVgheRQo root@ubuntu-bionic (ECDSA)
<14>Jul 12 11:42:19 cloud-init: 256 SHA256:EdxFjFrC5tBat7YyFni4GyEzczALvgPWTI2rBz6dV+k root@ubuntu-bionic (ED25519)
<14>Jul 12 11:42:19 cloud-init: 2048 SHA256:8t3m85K69gu7VZ1InkzZ/gwcpcQyATq5yHFtYv2spXY root@ubuntu-bionic (RSA)
<14>Jul 12 11:42:19 cloud-init: -----END SSH HOST KEY FINGERPRINTS-----
<14>Jul 12 11:42:19 cloud-init: #############################################################
-----BEGIN SSH HOST KEY KEYS-----
ecdsa-sha2-nistp256 AAAAE2VjZHNhLXNoYTItbmlzdHAyNTYAAAAIbmlzdHAyNTYAAABBBBwJWdyLLmAixMQqJJZCFukml1LwlgnljCkVP3dsNpx/8yMXiaHOnM/mbKPY37quHypzMogcDG5Pw+OI13RvmLQ= root@ubuntu-bionic
ssh-ed25519 AAAAC3NzaC1lZDI1NTE5AAAAIK4YLtOOobU17d6fF6cCHgNhCxNN3/hsL1DHJ2dU4pvX root@ubuntu-bionic
ssh-rsa AAAAB3NzaC1yc2EAAAADAQABAAABAQDQUjHnV3tTEPQojD281irhcrQhiEfghK8OKInTmVTWZ0bwKAt15GmdasbqBXgKRDFIKU8vZQfbsPP1hrI83kTLBiTssit5MHVWo/zLlwmLnulj6dOF0pybRslsbE0frh7rmK03gUqVRVUdxib7iLPJRTQkNbQFonj2Erbg7nn14ds+sJLIaJ90api1NvZOYRv6kR3AG+mu2HZSwap/yxk5K/fzNs9IRzzBZdUP+z42/aPXVbywXU4bF8f1KRCPhlTa/a5SIt2Ku147DGfw5S9VvOqSe7qDIhc6nLDW7R0KKqoTaIjszQ0w/vi2ycKHkqEOLhoncuz44DthZpeQLG4r root@ubuntu-bionic
-----END SSH HOST KEY KEYS-----
[   21.724712] cloud-init[1643]: Cloud-init v. 23.1.2-0ubuntu0~18.04.1 running 'modules:final' at Fri, 12 Jul 2024 11:42:18 +0000. Up 21.44 seconds.
[   21.724850] cloud-init[1643]: Cloud-init v. 23.1.2-0ubuntu0~18.04.1 finished at Fri, 12 Jul 2024 11:42:19 +0000. Datasource DataSourceNoCloud [seed=/dev/sdb][dsmode=net].  Up 21.71 seconds

Ubuntu 18.04.6 LTS ubuntu-bionic ttyS0

ubuntu-bionic login: 